[    0.000000] Initializing cgroup subsys cpuset
[    0.000000] Initializing cgroup subsys cpu
[    0.000000] Initializing cgroup subsys cpuacct
[    0.000000] Linux version 4.4.0-206-generic (buildd@lgw01-amd64-039) (gcc version 5.4.0 20160609 (Ubuntu 5.4.0-6ubuntu1~16.04.12) ) #238-Ubuntu SMP Tue Mar 16 07:52:37 UTC 2021 (Ubuntu 4.4.0-206.238-generic 4.4.254)
[    0.000000] Command line: BOOT_IMAGE=/boot/vmlinuz-4.4.0-206-generic root=UUID=3dc36edc-6845-4d79-8a78-231d436d6de8 ro console=tty1 console=ttyS0
[    0.000000] KERNEL supported cpus:
[    0.000000]   Intel GenuineIntel
[    0.000000]   AMD AuthenticAMD
[    0.000000]   Centaur CentaurHauls
[    0.000000] x86/fpu: xstate_offset[2]:  576, xstate_sizes[2]:  256
[    0.000000] x86/fpu: Supporting XSAVE feature 0x01: 'x87 floating point registers'
[    0.000000] x86/fpu: Supporting XSAVE feature 0x02: 'SSE registers'
[    0.000000] x86/fpu: Supporting XSAVE feature 0x04: 'AVX registers'
[    0.000000] x86/fpu: Enabled xstate features 0x7, context size is 832 bytes, using 'standard' format.
[    0.000000] e820: BIOS-provided physical RAM map:
[    0.000000] BIOS-e820: [mem 0x0000000000000000-0x000000000009fbff] usable
[    0.000000] BIOS-e820: [mem 0x000000000009fc00-0x000000000009ffff] reserved
[    0.000000] BIOS-e820: [mem 0x00000000000f0000-0x00000000000fffff] reserved
[    0.000000] BIOS-e820: [mem 0x0000000000100000-0x000000003ffeffff] usable
[    0.000000] BIOS-e820: [mem 0x000000003fff0000-0x000000003fffffff] ACPI data
[    0.000000] BIOS-e820: [mem 0x00000000fec00000-0x00000000fec00fff] reserved
[    0.000000] BIOS-e820: [mem 0x00000000fee00000-0x00000000fee00fff] reserved
[    0.000000] BIOS-e820: [mem 0x00000000fffc0000-0x00000000ffffffff] reserved
[    0.000000] NX (Execute Disable) protection: active
[    0.000000] SMBIOS 2.5 present.
[    0.000000] Hypervisor detected: KVM
[    0.000000] e820: last_pfn = 0x3fff0 max_arch_pfn = 0x400000000
[    0.000000] MTRR: Disabled
[    0.000000] x86/PAT: MTRRs disabled, skipping PAT initialization too.
[    0.000000] CPU MTRRs all blank - virtualized system.
[    0.000000] x86/PAT: Configuration [0-7]: WB  WT  UC- UC  WB  WT  UC- UC  
[    0.000000] found SMP MP-table at [mem 0x0009fff0-0x0009ffff] mapped at [ffff88000009fff0]
[    0.000000] Scanning 1 areas for low memory corruption
[    0.000000] RAMDISK: [mem 0x361ca000-0x370dcfff]
[    0.000000] ACPI: Early table checksum verification disabled
[    0.000000] ACPI: RSDP 0x00000000000E0000 000024 (v02 VBOX  )
[    0.000000] ACPI: XSDT 0x000000003FFF0030 00003C (v01 VBOX   VBOXXSDT 00000001 ASL  00000061)
[    0.000000] ACPI: FACP 0x000000003FFF00F0 0000F4 (v04 VBOX   VBOXFACP 00000001 ASL  00000061)
[    0.000000] ACPI: DSDT 0x000000003FFF0470 002325 (v02 VBOX   VBOXBIOS 00000002 INTL 20190509)
[    0.000000] ACPI: FACS 0x000000003FFF0200 000040
[    0.000000] ACPI: FACS 0x000000003FFF0200 000040
[    0.000000] ACPI: APIC 0x000000003FFF0240 000054 (v02 VBOX   VBOXAPIC 00000001 ASL  00000061)
[    0.000000] ACPI: SSDT 0x000000003FFF02A0 0001CC (v01 VBOX   VBOXCPUT 00000002 INTL 20190509)
[    0.000000] No NUMA configuration found
[    0.000000] Faking a node at [mem 0x0000000000000000-0x000000003ffeffff]
[    0.000000] NODE_DATA(0) allocated [mem 0x3ffeb000-0x3ffeffff]
[    0.000000] kvm-clock: Using msrs 4b564d01 and 4b564d00
[    0.000000] kvm-clock: cpu 0, msr 0:3ffe3001, primary cpu clock
[    0.000000] kvm-clock: using sched offset of 3312884798 cycles
[    0.000000] clocksource: kvm-clock: mask: 0xffffffffffffffff max_cycles: 0x1cd42e4dffb, max_idle_ns: 881590591483 ns
[    0.000000] Zone ranges:
[    0.000000]   DMA      [mem 0x0000000000001000-0x0000000000ffffff]
[    0.000000]   DMA32    [mem 0x0000000001000000-0x000000003ffeffff]
[    0.000000]   Normal   empty
[    0.000000]   Device   empty
[    0.000000] Movable zone start for each node
[    0.000000] Early memory node ranges
[    0.000000]   node   0: [mem 0x0000000000001000-0x000000000009efff]
[    0.000000]   node   0: [mem 0x0000000000100000-0x000000003ffeffff]
[    0.000000] Initmem setup node 0 [mem 0x0000000000001000-0x000000003ffeffff]
[    0.000000] ACPI: PM-Timer IO Port: 0x4008
[    0.000000] IOAPIC[0]: apic_id 1, version 32, address 0xfec00000, GSI 0-23
[    0.000000] ACPI: INT_SRC_OVR (bus 0 bus_irq 0 global_irq 2 dfl dfl)
[    0.000000] ACPI: INT_SRC_OVR (bus 0 bus_irq 9 global_irq 9 low level)
[    0.000000] Using ACPI (MADT) for SMP configuration information
[    0.000000] smpboot: Allowing 1 CPUs, 0 hotplug CPUs
[    0.000000] PM: Registered nosave memory: [mem 0x00000000-0x00000fff]
[    0.000000] PM: Registered nosave memory: [mem 0x0009f000-0x0009ffff]
[    0.000000] PM: Registered nosave memory: [mem 0x000a0000-0x000effff]
[    0.000000] PM: Registered nosave memory: [mem 0x000f0000-0x000fffff]
[    0.000000] e820: [mem 0x40000000-0xfebfffff] available for PCI devices
[    0.000000] Booting paravirtualized kernel on KVM
[    0.000000] clocksource: refined-jiffies: mask: 0xffffffff max_cycles: 0xffffffff, max_idle_ns: 7645519600211568 ns
[    0.000000] setup_percpu: NR_CPUS:512 nr_cpumask_bits:512 nr_cpu_ids:1 nr_node_ids:1
[    0.000000] PERCPU: Embedded 33 pages/cpu @ffff88003fc00000 s95640 r8192 d31336 u2097152
[    0.000000] Built 1 zonelists in Node order, mobility grouping on.  Total pages: 257912
[    0.000000] Policy zone: DMA32
[    0.000000] Kernel command line: BOOT_IMAGE=/boot/vmlinuz-4.4.0-206-generic root=UUID=3dc36edc-6845-4d79-8a78-231d436d6de8 ro console=tty1 console=ttyS0
[    0.000000] PID hash table entries: 4096 (order: 3, 32768 bytes)
[    0.000000] Memory: 997236K/1048120K available (8641K kernel code, 1337K rwdata, 4044K rodata, 1496K init, 1296K bss, 50884K reserved, 0K cma-reserved)
[    0.000000] SLUB: HWalign=64, Order=0-3, MinObjects=0, CPUs=1, Nodes=1
[    0.000000] Kernel/User page tables isolation: enabled
[    0.000000] Hierarchical RCU implementation.
[    0.000000] 	Build-time adjustment of leaf fanout to 64.
[    0.000000] 	RCU restricting CPUs from NR_CPUS=512 to nr_cpu_ids=1.
[    0.000000] RCU: Adjusting geometry for rcu_fanout_leaf=64, nr_cpu_ids=1
[    0.000000] NR_IRQS:33024 nr_irqs:256 16
[    0.000000] Console: colour VGA+ 80x25
[    0.000000] console [tty1] enabled
[    0.000000] console [ttyS0] enabled
[    0.000000] tsc: Detected 2294.688 MHz processor
[    0.202641] Calibrating delay loop (skipped) preset value.. 4589.37 BogoMIPS (lpj=9178752)
[    0.204842] pid_max: default: 32768 minimum: 301
[    0.206008] ACPI: Core revision 20150930
[    0.208108] ACPI: 2 ACPI AML tables successfully acquired and loaded
[    0.209686] Security Framework initialized
[    0.210666] Yama: becoming mindful.
[    0.211551] AppArmor: AppArmor initialized
[    0.212633] Dentry cache hash table entries: 131072 (order: 8, 1048576 bytes)
[    0.214979] Inode-cache hash table entries: 65536 (order: 7, 524288 bytes)
[    0.216590] Mount-cache hash table entries: 2048 (order: 2, 16384 bytes)
[    0.218093] Mountpoint-cache hash table entries: 2048 (order: 2, 16384 bytes)
[    0.219751] Initializing cgroup subsys io
[    0.220748] Initializing cgroup subsys memory
[    0.221807] Initializing cgroup subsys devices
[    0.222873] Initializing cgroup subsys freezer
[    0.223928] Initializing cgroup subsys net_cls
[    0.224940] Initializing cgroup subsys perf_event
[    0.226152] Initializing cgroup subsys net_prio
[    0.227213] Initializing cgroup subsys hugetlb
[    0.228237] Initializing cgroup subsys pids
[    0.236745] mce: CPU supports 0 MCE banks
[    0.237777] process: using mwait in idle threads
[    0.238906] Last level iTLB entries: 4KB 1024, 2MB 1024, 4MB 1024
[    0.240251] Last level dTLB entries: 4KB 1024, 2MB 1024, 4MB 1024, 1GB 4
[    0.241694] Spectre V1 : Mitigation: usercopy/swapgs barriers and __user pointer sanitization
[    0.243614] Spectre V2 : Mitigation: Full generic retpoline
[    0.244881] Spectre V2 : Spectre v2 / SpectreRSB mitigation: Filling RSB on context switch
[    0.246915] Speculative Store Bypass: Vulnerable
[    0.247995] SRBDS: Unknown: Dependent on hypervisor status
[    0.249322] MDS: Mitigation: Clear CPU buffers
[    0.280524] Freeing SMP alternatives memory: 36K
[    0.288106] ftrace: allocating 32370 entries in 127 pages
[    0.353845] smpboot: APIC(0) Converting physical 0 to logical package 0
[    0.355413] smpboot: Max logical packages: 1
[    0.356766] x2apic enabled
[    0.357809] Switched APIC routing to physical x2apic.
[    0.360154] ..TIMER: vector=0x30 apic1=0 pin1=2 apic2=-1 pin2=-1
[    0.469636] smpboot: CPU0: Intel(R) Core(TM) i5-4200U CPU @ 1.60GHz (family: 0x6, model: 0x45, stepping: 0x1)
[    0.472515] Performance Events: unsupported p6 CPU model 69 no PMU driver, software events only.
[    0.488062] KVM setup paravirtual spinlock
[    0.490074] x86: Booted up 1 node, 1 CPUs
[    0.491121] smpboot: Total of 1 processors activated (4589.37 BogoMIPS)
[    0.493108] devtmpfs: initialized
[    0.495511] evm: security.selinux
[    0.497255] evm: security.SMACK64
[    0.499090] evm: security.SMACK64EXEC
[    0.500293] evm: security.SMACK64TRANSMUTE
[    0.501272] evm: security.SMACK64MMAP
[    0.502230] evm: security.ima
[    0.503019] evm: security.capability
[    0.504176] clocksource: jiffies: mask: 0xffffffff max_cycles: 0xffffffff, max_idle_ns: 7645041785100000 ns
[    0.506462] futex hash table entries: 256 (order: 2, 16384 bytes)
[    0.507952] pinctrl core: initialized pinctrl subsystem
[    0.509356] RTC time: 18:07:08, date: 03/31/21
[    0.510606] NET: Registered protocol family 16
[    0.511843] cpuidle: using governor ladder
[    0.512845] cpuidle: using governor menu
[    0.513807] PCCT header not found.
[    0.514867] ACPI: bus type PCI registered
[    0.515826] acpiphp: ACPI Hot Plug PCI Controller Driver version: 0.5
[    0.517405] PCI: Using configuration type 1 for base access
[    0.520077] ACPI: Added _OSI(Module Device)
[    0.521191] ACPI: Added _OSI(Processor Device)
[    0.522247] ACPI: Added _OSI(3.0 _SCP Extensions)
[    0.523475] ACPI: Added _OSI(Processor Aggregator Device)
[    0.525378] ACPI: Executed 1 blocks of module-level executable AML code
[    0.529233] ACPI: Interpreter enabled
[    0.530248] ACPI: (supports S0 S5)
[    0.531076] ACPI: Using IOAPIC for interrupt routing
[    0.532354] PCI: Using host bridge windows from ACPI; if necessary, use "pci=nocrs" and report a bug
[    0.538470] ACPI: PCI Root Bridge [PCI0] (domain 0000 [bus 00-ff])
[    0.539835] acpi PNP0A03:00: _OSC: OS supports [ASPM ClockPM Segments MSI]
[    0.541847] acpi PNP0A03:00: _OSC: not requesting OS control; OS requires [ExtendedConfig ASPM ClockPM MSI]
[    0.544484] acpi PNP0A03:00: fail to add MMCONFIG information, can't access extended PCI configuration space under this bridge.
[    0.547755] PCI host bridge to bus 0000:00
[    0.548713] pci_bus 0000:00: root bus resource [io  0x0000-0x0cf7 window]
[    0.550157] pci_bus 0000:00: root bus resource [io  0x0d00-0xffff window]
[    0.551703] pci_bus 0000:00: root bus resource [mem 0x000a0000-0x000bffff window]
[    0.553598] pci_bus 0000:00: root bus resource [mem 0x40000000-0xfdffffff window]
[    0.555507] pci_bus 0000:00: root bus resource [bus 00-ff]
[    0.558491] pci 0000:00:01.1: legacy IDE quirk: reg 0x10: [io  0x01f0-0x01f7]
[    0.560152] pci 0000:00:01.1: legacy IDE quirk: reg 0x14: [io  0x03f6]
[    0.561638] pci 0000:00:01.1: legacy IDE quirk: reg 0x18: [io  0x0170-0x0177]
[    0.563275] pci 0000:00:01.1: legacy IDE quirk: reg 0x1c: [io  0x0376]
[    0.596363] pci 0000:00:07.0: quirk: [io  0x4000-0x403f] claimed by PIIX4 ACPI
[    0.598268] pci 0000:00:07.0: quirk: [io  0x4100-0x410f] claimed by PIIX4 SMB
[    0.607021] ACPI: PCI Interrupt Link [LNKA] (IRQs 5 9 10 *11)
[    0.609076] ACPI: PCI Interrupt Link [LNKB] (IRQs 5 9 *10 11)
[    0.610901] ACPI: PCI Interrupt Link [LNKC] (IRQs 5 *9 10 11)
[    0.612696] ACPI: PCI Interrupt Link [LNKD] (IRQs 5 9 10 *11)
[    0.614575] ACPI: Enabled 2 GPEs in block 00 to 07
[    0.616136] vgaarb: setting as boot device: PCI:0000:00:02.0
[    0.617439] vgaarb: device added: PCI:0000:00:02.0,decodes=io+mem,owns=io+mem,locks=none
[    0.619462] vgaarb: loaded
[    0.620272] vgaarb: bridge control possible 0000:00:02.0
[    0.621807] SCSI subsystem initialized
[    0.622968] ACPI: bus type USB registered
[    0.624048] usbcore: registered new interface driver usbfs
[    0.625326] usbcore: registered new interface driver hub
[    0.626600] usbcore: registered new device driver usb
[    0.627976] PCI: Using ACPI for IRQ routing
[    0.629315] NetLabel: Initializing
[    0.630256] NetLabel:  domain hash size = 128
[    0.631357] NetLabel:  protocols = UNLABELED CIPSOv4
[    0.632612] NetLabel:  unlabeled traffic allowed by default
[    0.633989] amd_nb: Cannot enumerate AMD northbridges
[    0.635264] clocksource: Switched to clocksource kvm-clock
[    0.650170] AppArmor: AppArmor Filesystem Enabled
[    0.651411] pnp: PnP ACPI init
[    0.653066] pnp: PnP ACPI: found 3 devices
[    0.660694] clocksource: acpi_pm: mask: 0xffffff max_cycles: 0xffffff, max_idle_ns: 2085701024 ns
[    0.662857] NET: Registered protocol family 2
[    0.664118] TCP established hash table entries: 8192 (order: 4, 65536 bytes)
[    0.665751] TCP bind hash table entries: 8192 (order: 5, 131072 bytes)
[    0.667265] TCP: Hash tables configured (established 8192 bind 8192)
[    0.668703] UDP hash table entries: 512 (order: 2, 16384 bytes)
[    0.670072] UDP-Lite hash table entries: 512 (order: 2, 16384 bytes)
[    0.671554] NET: Registered protocol family 1
[    0.673778] pci 0000:00:00.0: Limiting direct PCI/PCI transfers
[    0.676101] pci 0000:00:01.0: Activating ISA DMA hang workarounds
[    0.677566] Unpacking initramfs...
[    0.919844] Freeing initrd memory: 15436K
[    0.921028] RAPL PMU detected, API unit is 2^-32 Joules, 4 fixed counters 10737418240 ms ovfl timer
[    0.923196] hw unit of domain pp0-core 2^-0 Joules
[    0.924403] hw unit of domain package 2^-0 Joules
[    0.925561] hw unit of domain dram 2^-0 Joules
[    0.926637] hw unit of domain pp1-gpu 2^-0 Joules
[    0.927678] clocksource: tsc: mask: 0xffffffffffffffff max_cycles: 0x21139aef754, max_idle_ns: 440795211890 ns
[    0.929992] platform rtc_cmos: registered platform RTC device (no PNP device found)
[    0.932084] Scanning for low memory corruption every 60 seconds
[    0.933651] audit: initializing netlink subsys (disabled)
[    0.934903] audit: type=2000 audit(1617214033.713:1): initialized
[    0.936596] Initialise system trusted keyring
[    0.937824] HugeTLB registered 2 MB page size, pre-allocated 0 pages
[    0.940567] zbud: loaded
[    0.941682] VFS: Disk quotas dquot_6.6.0
[    0.942722] VFS: Dquot-cache hash table entries: 512 (order 0, 4096 bytes)
[    0.944624] squashfs: version 4.0 (2009/01/31) Phillip Lougher
[    0.946151] fuse init (API version 7.23)
[    0.947271] Key type big_key registered
[    0.948401] Allocating IMA MOK and blacklist keyrings.
[    0.949910] Key type asymmetric registered
[    0.950932] Asymmetric key parser 'x509' registered
[    0.952177] Block layer SCSI generic (bsg) driver version 0.4 loaded (major 249)
[    0.954038] io scheduler noop registered
[    0.955034] io scheduler deadline registered (default)
[    0.956320] io scheduler cfq registered
[    0.957375] pci_hotplug: PCI Hot Plug PCI Core version: 0.5
[    0.958633] pciehp: PCI Express Hot Plug Controller Driver version: 0.4
[    0.960275] ACPI: AC Adapter [AC] (on-line)
[    0.961403] input: Power Button as /devices/LNXSYSTM:00/LNXPWRBN:00/input/input0
[    0.963171] ACPI: Power Button [PWRF]
[    0.964241] input: Sleep Button as /devices/LNXSYSTM:00/LNXSLPBN:00/input/input1
[    0.966012] ACPI: Sleep Button [SLPF]
[    0.967744] ACPI: Battery Slot [BAT0] (battery present)
[    0.968969] GHES: HEST is not enabled!
[    0.969988] Serial: 8250/16550 driver, 32 ports, IRQ sharing enabled
[    0.992174] 00:02: ttyS0 at I/O 0x3f8 (irq = 4, base_baud = 115200) is a 16550A
[    0.995032] Linux agpgart interface v0.103
[    0.997848] loop: module loaded
[    0.999304] scsi host0: ata_piix
[    1.000306] scsi host1: ata_piix
[    1.001207] ata1: PATA max UDMA/33 cmd 0x1f0 ctl 0x3f6 bmdma 0xd000 irq 14
[    1.002755] ata2: PATA max UDMA/33 cmd 0x170 ctl 0x376 bmdma 0xd008 irq 15
[    1.004784] libphy: Fixed MDIO Bus: probed
[    1.005861] tun: Universal TUN/TAP device driver, 1.6
[    1.007034] tun: (C) 1999-2004 Max Krasnyansky <maxk@qualcomm.com>
[    1.008509] PPP generic driver version 2.4.2
[    1.009593] ehci_hcd: USB 2.0 'Enhanced' Host Controller (EHCI) Driver
[    1.011116] ehci-pci: EHCI PCI platform driver
[    1.012245] ehci-platform: EHCI generic platform driver
[    1.013544] ohci_hcd: USB 1.1 'Open' Host Controller (OHCI) Driver
[    1.014988] ohci-pci: OHCI PCI platform driver
[    1.016140] ohci-platform: OHCI generic platform driver
[    1.017436] uhci_hcd: USB Universal Host Controller Interface driver
[    1.018951] i8042: PNP: PS/2 Controller [PNP0303:PS2K,PNP0f03:PS2M] at 0x60,0x64 irq 1,12
[    1.021400] serio: i8042 KBD port at 0x60,0x64 irq 1
[    1.022602] serio: i8042 AUX port at 0x60,0x64 irq 12
[    1.023907] mousedev: PS/2 mouse device common for all mice
[    1.026902] input: AT Translated Set 2 keyboard as /devices/platform/i8042/serio0/input/input2
[    1.029577] rtc_cmos rtc_cmos: rtc core: registered rtc_cmos as rtc0
[    1.031081] rtc_cmos rtc_cmos: alarms up to one day, 114 bytes nvram
[    1.032583] i2c /dev entries driver
[    1.033526] device-mapper: uevent: version 1.0.3
[    1.034752] device-mapper: ioctl: 4.34.0-ioctl (2015-10-28) initialised: dm-devel@redhat.com
[    1.036864] ledtrig-cpu: registered to indicate activity on CPUs
[    1.038507] NET: Registered protocol family 10
[    1.039781] NET: Registered protocol family 17
[    1.040904] Key type dns_resolver registered
[    1.042249] registered taskstats version 1
[    1.043250] Loading compiled-in X.509 certificates
[    1.045171] Loaded X.509 cert 'Build time autogenerated kernel key: 516e255599dc793c39c72783e7b5301ff98d6a80'
[    1.047522] zswap: loaded using pool lzo/zbud
[    1.050271] Key type trusted registered
[    1.054653] Key type encrypted registered
[    1.055782] AppArmor: AppArmor sha1 policy hashing enabled
[    1.057085] ima: No TPM chip found, activating TPM-bypass!
[    1.058391] ima: Allocated hash algorithm: sha1
[    1.059508] evm: HMAC attrs: 0x1
[    1.060673]   Magic number: 13:286:141
[    1.061680] rtc_cmos rtc_cmos: setting system clock to 2021-03-31 18:07:09 UTC (1617214029)
[    1.063841] BIOS EDD facility v0.16 2004-Jun-25, 0 devices found
[    1.065496] EDD information not available.
[    1.185252] Freeing unused kernel memory: 1496K
[    1.186416] Write protecting the kernel read-only data: 14336k
[    1.188148] Freeing unused kernel memory: 1588K
[    1.189346] Freeing unused kernel memory: 52K
Loading, please wait...
starting version 229
[    1.203688] random: udevadm: uninitialized urandom read (16 bytes read, 2 bits of entropy available)
[    1.206673] random: systemd-udevd: uninitialized urandom read (16 bytes read, 2 bits of entropy available)
[    1.209047] random: systemd-udevd: uninitialized urandom read (16 bytes read, 2 bits of entropy available)
[    1.211201] random: systemd-udevd: uninitialized urandom read (16 bytes read, 2 bits of entropy available)
[    1.213722] random: udevadm: uninitialized urandom read (16 bytes read, 2 bits of entropy available)
[    1.216029] random: systemd-udevd: uninitialized urandom read (16 bytes read, 2 bits of entropy available)
[    1.229732] random: systemd-udevd: uninitialized urandom read (16 bytes read, 2 bits of entropy available)
[    1.232708] random: systemd-udevd: uninitialized urandom read (16 bytes read, 2 bits of entropy available)
[    1.235287] random: systemd-udevd: uninitialized urandom read (16 bytes read, 2 bits of entropy available)
[    1.241714] random: udevadm: uninitialized urandom read (16 bytes read, 2 bits of entropy available)
[    1.338293] e1000: Intel(R) PRO/1000 Network Driver - version 7.3.21-k8-NAPI
[    1.339971] e1000: Copyright (c) 1999-2006 Intel Corporation.
[    1.344967] Fusion MPT base driver 3.04.20
[    1.346043] Copyright (c) 1999-2008 LSI Corporation
[    1.366248] Fusion MPT SPI Host driver 3.04.20
[    1.413957] AVX2 version of gcm_enc/dec engaged.
[    1.415092] AES CTR mode by8 optimization enabled
[    1.556804] input: ImExPS/2 Generic Explorer Mouse as /devices/platform/i8042/serio1/input/input4
[    1.763039] e1000 0000:00:03.0 eth0: (PCI:33MHz:32-bit) 02:49:cb:75:7f:af
[    1.765139] e1000 0000:00:03.0 eth0: Intel(R) PRO/1000 Network Connection
[    1.768518] e1000 0000:00:03.0 enp0s3: renamed from eth0
[    1.771032] mptbase: ioc0: Initiating bringup
[    1.836141] ioc0: LSI53C1030 A0: Capabilities={Initiator}
[    2.002417] scsi host2: ioc0: LSI53C1030 A0, FwRev=00000000h, Ports=1, MaxQ=256, IRQ=20
[    2.121358] scsi 2:0:0:0: Direct-Access     VBOX     HARDDISK         1.0  PQ: 0 ANSI: 5
[    2.126863] scsi target2:0:0: Beginning Domain Validation
[    2.129791] scsi target2:0:0: Domain Validation skipping write tests
[    2.131242] scsi target2:0:0: Ending Domain Validation
[    2.132735] scsi target2:0:0: asynchronous
[    2.143677] scsi 2:0:1:0: Direct-Access     VBOX     HARDDISK         1.0  PQ: 0 ANSI: 5
[    2.145705] scsi target2:0:1: Beginning Domain Validation
[    2.147758] scsi target2:0:1: Domain Validation skipping write tests
[    2.149247] scsi target2:0:1: Ending Domain Validation
[    2.150500] scsi target2:0:1: asynchronous
[    2.155129] sd 2:0:0:0: Attached scsi generic sg0 type 0
[    2.156483] sd 2:0:0:0: [sda] 83886080 512-byte logical blocks: (42.9 GB/40.0 GiB)
[    2.159048] sd 2:0:1:0: [sdb] 20480 512-byte logical blocks: (10.5 MB/10.0 MiB)
[    2.161212] sd 2:0:1:0: Attached scsi generic sg1 type 0
[    2.162644] sd 2:0:0:0: [sda] Write Protect is off
[    2.164074] sd 2:0:1:0: [sdb] Write Protect is off
[    2.165252] sd 2:0:1:0: [sdb] Incomplete mode parameter data
[    2.166618] sd 2:0:1:0: [sdb] Assuming drive cache: write through
[    2.168127] sd 2:0:0:0: [sda] Incomplete mode parameter data
[    2.169504] sd 2:0:0:0: [sda] Assuming drive cache: write through
[    2.175373]  sda: sda1
[    2.177523] sd 2:0:1:0: [sdb] Attached SCSI disk
[    2.179089] sd 2:0:0:0: [sda] Attached SCSI disk
Begin: Loading essential drivers ... [    3.565814] md: linear personality registered for level -1
[    3.571328] md: multipath personality registered for level -4
[    3.576613] md: raid0 personality registered for level 0
[    3.582780] md: raid1 personality registered for level 1
[    3.663904] raid6: sse2x1   gen()  7635 MB/s
[    3.743895] raid6: sse2x1   xor()  6601 MB/s
[    3.823884] raid6: sse2x2   gen() 10791 MB/s
[    3.895885] raid6: sse2x2   xor()  7095 MB/s
[    3.979882] raid6: sse2x4   gen() 13156 MB/s
[    4.051893] raid6: sse2x4   xor()  8230 MB/s
[    4.123876] raid6: avx2x1   gen() 15402 MB/s
[    4.199878] raid6: avx2x2   gen() 19118 MB/s
[    4.279869] raid6: avx2x4   gen() 23106 MB/s
[    4.281221] raid6: using algorithm avx2x4 gen() 23106 MB/s
[    4.282426] raid6: using avx2x2 recovery algorithm
[    4.286496] xor: automatically using best checksumming function:
[    4.379894]    avx       : 62736.000 MB/sec
[    4.383584] async_tx: api initialized (async)
[    4.402413] md: raid6 personality registered for level 6
[    4.404281] md: raid5 personality registered for level 5
[    4.405493] md: raid4 personality registered for level 4
[    4.414342] md: raid10 personality registered for level 10
done.
Begin: Running /scripts/init-premount ... done.
Begin: Mounting root file system ... Begin: Running /scripts/local-top ... done.
Begin: Running /scripts/local-premount ... [    4.456467] Btrfs loaded
Scanning for Btrfs filesystems
done.
Warning: fsck not present, so skipping root file system
[    4.494749] EXT4-fs (sda1): mounted filesystem with ordered data mode. Opts: (null)
done.
Begin: Running /scripts/local-bottom ... done.
Begin: Running /scripts/init-bottom ... done.
[    4.606854] systemd[1]: systemd 229 running in system mode. (+PAM +AUDIT +SELINUX +IMA +APPARMOR +SMACK +SYSVINIT +UTMP +LIBCRYPTSETUP +GCRYPT +GNUTLS +ACL +XZ -LZ4 +SECCOMP +BLKID +ELFUTILS +KMOD -IDN)
[    4.612165] systemd[1]: Detected virtualization oracle.
[    4.613996] systemd[1]: Detected architecture x86-64.

Welcome to [1mUbuntu 16.04.7 LTS[0m!

[    4.618861] systemd[1]: Set hostname to <ubuntu-xenial>.
[    4.796658] systemd[1]: Listening on Device-mapper event daemon FIFOs.
[[0;32m  OK  [0m] Listening on Device-mapper event daemon FIFOs.
[    4.799786] systemd[1]: Reached target User and Group Name Lookups.
[[0;32m  OK  [0m] Reached target User and Group Name Lookups.
[    4.802535] systemd[1]: Started Forward Password Requests to Wall Directory Watch.
[[0;32m  OK  [0m] Started Forward Password Requests to Wall Directory Watch.
[    4.805669] systemd[1]: Reached target Swap.
[[0;32m  OK  [0m] Reached target Swap.
[    4.807510] systemd[1]: Listening on udev Kernel Socket.
[[0;32m  OK  [0m] Listening on udev Kernel Socket.
[    4.809638] systemd[1]: Listening on Syslog Socket.
[[0;32m  OK  [0m] Listening on Syslog Socket.
[    4.811987] systemd[1]: Created slice System Slice.
[[0;32m  OK  [0m] Created slice System Slice.
[    4.814072] systemd[1]: Listening on Journal Socket (/dev/log).
[[0;32m  OK  [0m] Listening on Journal Socket (/dev/log).
[    4.816314] systemd[1]: Started Trigger resolvconf update for networkd DNS.
[[0;32m  OK  [0m] Started Trigger resolvconf update for networkd DNS.
[    4.818787] systemd[1]: Reached target System Time Synchronized.
[[0;32m  OK  [0m] Reached target System Time Synchronized.
[    4.821254] systemd[1]: Created slice User and Session Slice.
[[0;32m  OK  [0m] Created slice User and Session Slice.
[    4.823504] systemd[1]: Reached target Slices.
[[0;32m  OK  [0m] Reached target Slices.
[    4.825402] systemd[1]: Listening on /dev/initctl Compatibility Named Pipe.
[[0;32m  OK  [0m] Listening on /dev/initctl Compatibility Named Pipe.
[    4.828285] systemd[1]: Created slice system-serial\x2dgetty.slice.
[[0;32m  OK  [0m] Created slice system-serial\x2dgetty.slice.
[    4.830541] systemd[1]: Listening on Journal Socket.
[[0;32m  OK  [0m] Listening on Journal Socket.
[    4.833194] systemd[1]: Starting Uncomplicated firewall...
         Starting Uncomplicated firewall...
[    4.835957] systemd[1]: Mounting Huge Pages File System...
         Mounting Huge Pages File System...
[    4.843277] systemd[1]: Mounting POSIX Message Queue File System...
         Mounting POSIX Message Queue File System...
[    4.853990] systemd[1]: Starting Nameserver information manager...
         Starting Nameserver information manager...
[    4.859919] systemd[1]: Starting Remount Root and Kernel File Systems...
         Starting Remount Root and Kernel File Systems...
[    4.866600] EXT4-fs (sda1): re-mounted. Opts: (null)
[    4.868348] systemd[1]: Starting Create list of required static device nodes for the current kernel...
         Starting Create list of required st... nodes for the current kernel...
[    4.876076] systemd[1]: Starting Set console keymap...
         Starting Set console keymap...
[    4.884983] systemd[1]: Starting Load Kernel Modules...
         Starting Load Kernel Modules...
[    4.896634] systemd[1]: Listening on LVM2 metadata daemon socket.
[[0;32m  OK  [0m] Listening on LVM2 metadata daemon socket.
[    4.899125] systemd[1]: Listening on Journal Audit Socket.
[[0;32m  OK  [0m] Listening on Journal Audit Socket.
[    4.908881] systemd[1]: Starting Journal Service...
         Starting Journal Service...
[    4.916778] systemd[1]: Starting Monitoring of LVM2 mirrors, snapshots etc. using dmeventd or progress polling...
         Starting Monitoring of LVM2 mirrors... dmeventd or progress polling...
[    4.923676] systemd[1]: Reached target Encrypted Volumes.
[[0;32m  OK  [0m] Reached target Encrypted Volumes.
[    4.928100] systemd[1]: Listening on LVM2 poll daemon socket.
[[0;32m  OK  [0m] Listening on LVM2 poll daemon socket.
[    4.932118] systemd[1]: Listening on udev Control Socket.
[    4.933951] Loading iSCSI transport class v2.0-870.
[[0;32m  OK  [0m] Listening on udev Control Socket.
[    4.937179] systemd[1]: Set up automount Arbitrary Executable File Formats File System Automount Point.
[[0;32m  OK  [0m] Set up automount Arbitrary Executab...ats File System Automount Point.
[    4.954015] systemd[1]: Mounting Debug File System...
         Mounting Debug File System...
[    4.961863] systemd[1]: Mounted Huge Pages File System.
[[0;32m  OK  [0m] Mounted Huge Pages File System.
[    4.965425] systemd[1]: Mounted Debug File System.
[[0;32m  OK  [0m] Mounted Debug File System.
[    4.975149] systemd[1]: Mounted POSIX Message Queue File System.
[[0;32m  OK  [0m] Mounted POSIX Message Queue File System.
[    4.980102] systemd[1]: Started Uncomplicated firewall.
[[0;32m  OK  [0m] Started Uncomplicated firewall.
[    4.989087] systemd[1]: Started Remount Root and Kernel File Systems.
[[0;32m  OK  [0m] Started Remount Root and Kernel File Systems.[    4.994734] iscsi: registered transport (tcp)

[    4.997234] systemd[1]: Started Create list of required static device nodes for the current kernel.
[[0;32m  OK  [0m] Started Create list of required sta...ce nodes for the current kernel.
[    5.005721] systemd[1]: Started Nameserver information manager.
[[0;32m  OK  [0m] Started Nameserver information manager.
[    5.016735] systemd[1]: Started LVM2 metadata daemon.
[[0;32m  OK  [0m] Started LVM2 metadata daemon.
[    5.025419] systemd[1]: Starting Create Static Device Nodes in /dev...
         Starting Create Static Device Nodes in /dev...
[    5.044860] systemd[1]: Starting Load/Save Random Seed...
         Starting Load/Save Random Seed...
[    5.050473] systemd[1]: Starting udev Coldplug all Devices...
         Starting udev Coldplug all Devices...
[    5.059194] systemd[1]: Started Journal Service.
[[0;32m  OK  [0m] Started Journal Service.
[[0;32m  OK  [0m] Started Create Static Device Nodes in /dev.
[[0;32m  OK  [0m] Started Load/Save Random Seed.
         Starting udev Kernel Device Manager...
         Starting Flush Journal to Persistent Storage...
[    5.093226] systemd-journald[392]: Received request to flush runtime journal from PID 1
[[0;32m  OK  [0m] Started Flush Journal to Persistent Storage.
[[0;32m  OK  [0m] Started Set console keymap.
[[0;32m  OK  [0m] Started Monitoring of LVM2 mirrors,...ng dmeventd or progress polling.
[[0;32m  OK  [0m] Reached target Local File Systems (Pre).
[[0;32m  OK  [0m] Reached target Local File Systems.
         Starting Tell Plymouth To Write Out Runtime Data...
         Starting LSB: AppArmor initialization...
         Starting Set console font and keymap...
         Starting Initial cloud-init job (pre-networking)...
         Starting Create Volatile Files and Directories...
[[0;32m  OK  [0m] Started Tell Plymouth To Write Out Runtime Data.
[[0;32m  OK  [0m] Started udev Kernel Device Manager.
[[0;32m  OK  [0m] Started Create Volatile Files and Directories.
         Starting Update UTMP about System Boot/Shutdown...
[[0;32m  OK  [0m] Started Update UTMP about System Boot/Shutdown.
[    5.242254] iscsi: registered transport (iser)
[[0;32m  OK  [0m] Started Load Kernel Modules.
         Mounting FUSE Control File System...
         Starting Apply Kernel Variables...
[[0;32m  OK  [0m] Mounted FUSE Control File System.
[[0;32m  OK  [0m] Started Apply Kernel Variables.
[[0;32m  OK  [0m] Started udev Coldplug all Devices.
[[0;32m  OK  [0m] Started Dispatch Password Requests to Console Directory Watch.
[[0;32m  OK  [0m] Started LSB: AppArmor initialization.
         Starting Load AppArmor profiles managed internally by snapd...
[[0;32m  OK  [0m] Started Load AppArmor profiles managed internally by snapd.
[[0;32m  OK  [0m] Found device /dev/ttyS0.
[[0;32m  OK  [0m] Found device 82540EM Gigabit Ethern...r (PRO/1000 MT Desktop Adapter).
[[0;32m  OK  [0m] Listening on Load/Save RF Kill Switch Status /dev/rfkill Watch.
[[0;32m  OK  [0m] Started Set console font and keymap.
[[0;32m  OK  [0m] Created slice system-getty.slice.
[    6.836778] cloud-init[459]: Cloud-init v. 20.4.1-0ubuntu1~16.04.1 running 'init-local' at Wed, 31 Mar 2021 18:07:15 +0000. Up 6.34 seconds.
[[0;32m  OK  [0m] Started Initial cloud-init job (pre-networking).
[[0;32m  OK  [0m] Reached target Network (Pre).
         Starting Raise network interfaces...
[[0;32m  OK  [0m] Started ifup for enp0s3.
[[0;32m  OK  [0m] Started Raise network interfaces.
         Starting Initial cloud-init job (metadata service crawler)...
[[0;32m  OK  [0m] Reached target Network.
[    7.978034] cloud-init[979]: Cloud-init v. 20.4.1-0ubuntu1~16.04.1 running 'init' at Wed, 31 Mar 2021 18:07:16 +0000. Up 7.69 seconds.
[    7.979923] cloud-init[979]: ci-info: ++++++++++++++++++++++++++++++++++++++Net device info++++++++++++++++++++++++++++++++++++++
[    7.984359] cloud-init[979]: ci-info: +--------+------+----------------------------+---------------+--------+-------------------+
[    7.997014] cloud-init[979]: ci-info: | Device |  Up  |          Address           |      Mask     | Scope  |     Hw-Address    |
[    7.998769] cloud-init[979]: ci-info: +--------+------+----------------------------+---------------+--------+-------------------+
[    8.021079] cloud-init[979]: ci-info: | enp0s3 | True |         10.0.2.15          | 255.255.255.0 | global | 02:49:cb:75:7f:af |
[    8.028976] cloud-init[979]: ci-info: | enp0s3 | True | fe80::49:cbff:fe75:7faf/64 |       .       |  link  | 02:49:cb:75:7f:af |
[    8.030630] cloud-init[979]: ci-info: |   lo   | True |         127.0.0.1          |   255.0.0.0   |  host  |         .         |
[    8.048601] cloud-init[979]: ci-info: |   lo   | True |          ::1/128           |       .       |  host  |         .         |
[    8.050203] cloud-init[979]: ci-info: +--------+------+----------------------------+---------------+--------+-------------------+
[[0;32m  OK  [0m] Started Initial cloud-init job (metadata service crawler).
[[0;32m  OK  [0m] Reached target System Initialization.
[    8.054606] cloud-init[979]: ci-info: +++++++++++++++++++++++++++Route IPv4 info++++++++++++++++++++++++++++
[    8.063365] cloud-init[979]: ci-info: +-------+-------------+----------+---------------+-----------+-------+
[    8.065058] cloud-init[979]: ci-info: | Route | Destination | Gateway  |    Genmask    | Interface | Flags |
         Starting LXD - unix socket.
[[0;32m  OK  [0m] Listening on UUID daemon activation socket.
[    8.071087] cloud-init[979]: ci-info: +-------+-------------+----------+---------------+-----------+-------+         Starting Socket activation for snappy daemon.
[[0;32m  OK  [0m] Started Daily Cleanup of Temporary Directories.
[    8.076332] cloud-init[979]: ci-info: |   0   |   0.0.0.0   | 10.0.2.2 |    0.0.0.0    |   enp0s3  |   UG  |
[    8.078075] cloud-init[979]: ci-info: |   1   |   10.0.2.0  | 0.0.0.0  | 255.255.255.0 |   enp0s3  |   U   |
[    8.079747] cloud-init
[[0;32m  OK  [0m] Listening on D-Bus System Message Bus Socket.
[979]: ci-info: +-------+-------------+----------+---------------+-----------+-------+
[[0;32m  OK  [0m] Started ACPI Events Check.
[    8.086554] cloud-init[979]: ci-info: +++++++++++++++++++Route IPv6 info+++++++++++++++++++
[[0;32m  OK  [0m] Reached target Paths.
[    8.089918] cloud-init[979]: ci-info: +-------+-------------+---------+-----------+-------+
[    8.091819] [[0;32m  OK  [0m] Started Message of the Day.
[[0;32m  OK  [0m] Started Daily apt download activities.
[[0;32m  OK  [0m] Started Daily apt upgrade and clean activities.
[[0;32m  OK  [0m] Reached target Timers.
[[0;32m  OK  [0m] Listening on ACPID Listen Socket.
[[0;32m  OK  [0m] Reached target Network is Online.cloud-init[979]: ci-info: | Route | Destination | Gateway | Interface | Flags |
[    8.097324] cloud-init[979]: ci-info: +-------+-------------+---------+-----------+-------+
[    8.098440] cloud-init[979]: ci-info: |   0   |  fe80::/64  |    ::   |   enp0s3  |   U   |
[    8.099533] cloud-init[979]: ci-info: |   3   |   ff00::/8  |    ::   |   enp0s3  |   U   |
         Starting iSCSI initiator daemon (iscsid)...
[[0;32m  OK  [0m] Reached target Cloud-config availability.
[[0;32m  OK  [0m] Listening on LXD - unix socket.
[
[    8.104435] cloud-init[979]: ci-info: +-------+-------------+---------+-----------+-------+
[0;32m  OK  [0m] Listening on Socket activation for snappy daemon.
[[0;32m  OK  [0m] Reached target Sockets.
[[0;32m  OK  [0m] Reached target Basic System.
         Starting LSB: Record successful boot for GRUB...
         Starting LSB: MD monitoring daemon...
         Starting Virtualbox guest utils...
         Starting /etc/rc.local Compatibility...
[[0;32m  OK  [0m] Started ACPI event daemon.
         Starting Accounts Service...
[[0;32m  OK  [0m] Started Regular background program processing daemon.
[[0;32m  OK  [0m] Started FUSE filesystem for LXC.
[[0;32m  OK  [0m] Started Deferred execution scheduler.
[[0;32m  OK  [0m] Started D-Bus System Message Bus.
         Starting System Logging Service...
         Starting LXD - container startup/shutdown...
         Starting Login Service...
         Starting Snap Daemon...
         Starting OpenBSD Secure Shell server...
[[0;32m  OK  [0m] Started iSCSI initiator daemon (iscsid).
[[0;32m  OK  [0m] Started /etc/rc.local Compatibility.
         Starting Login to default iSCSI targets...
[[0;32m  OK  [0m] Started System Logging Service.
[[0;32m  OK  [0m] Started Login Service.
[[0;32m  OK  [0m] Started Unattended Upgrades Shutdown.
[[0;32m  OK  [0m] Started Login to default iSCSI targets.
[[0;32m  OK  [0m] Reached target Remote File Systems (Pre).
[[0;32m  OK  [0m] Reached target Remote File Systems.
         Starting LSB: Set the CPU Frequency Scaling governor to "ondemand"...
         Starting LSB: daemon to balance interrupts for SMP systems...
         Starting LSB: automatic crash report generation...
         Starting Permit User Sessions...
[[0;32m  OK  [0m] Started Permit User Sessions.
         Starting Hold until boot process finishes up...
         Starting Terminate Plymouth Boot Screen...
[[0;32m  OK  [0m] Started Hold until boot process finishes up.
         Starting Set console scheme...
[[0;32m  OK  [0m] Started Serial Getty on ttyS0.
[[0;32m  OK  [0m] Started Getty on tty1.
[[0;32m  OK  [0m] Reached target Login Prompts.
[[0;32m  OK  [0m] Started LSB: Record successful boot for GRUB.
[[0;32m  OK  [0m] Started Terminate Plymouth Boot Screen.
[[0;32m  OK  [0m] Started LSB: MD monitoring daemon.
[[0;32m  OK  [0m] Started Set console scheme.
         Starting Authenticate and Authorize Users to Run Privileged Tasks...
[[0;32m  OK  [0m] Started LSB: Set the CPU Frequency Scaling governor to "ondemand".
[[0;32m  OK  [0m] Started Authenticate and Authorize Users to Run Privileged Tasks.
[[0;32m  OK  [0m] Started Accounts Service.
[[0;32m  OK  [0m] Started LSB: daemon to balance interrupts for SMP systems.
[[0;32m  OK  [0m] Started LSB: automatic crash report generation.
[[0;32m  OK  [0m] Started OpenBSD Secure Shell server.
[[0;32m  OK  [0m] Started LXD - container startup/shutdown.
[[0;32m  OK  [0m] Started Virtualbox guest utils.
[[0;32m  OK  [0m] Started Snap Daemon.
         Starting Wait until snapd is fully seeded...
[[0;32m  OK  [0m] Started Wait until snapd is fully seeded.
         Starting Apply the settings specified in cloud-config...
[[0;32m  OK  [0m] Reached target Multi-User System.
[[0;32m  OK  [0m] Reached target Graphical Interface.
         Starting Update UTMP about System Runlevel Changes...
[[0;32m  OK  [0m] Started Update UTMP about System Runlevel Changes.
[    9.266705] cloud-init[1239]: Cloud-init v. 20.4.1-0ubuntu1~16.04.1 running 'modules:config' at Wed, 31 Mar 2021 18:07:17 +0000. Up 9.17 seconds.
[[0;32m  OK  [0m] Started Apply the settings specified in cloud-config.
         Starting Execute cloud user/final scripts...
[    9.738557] cloud-init[1254]: Cloud-init v. 20.4.1-0ubuntu1~16.04.1 running 'modules:final' at Wed, 31 Mar 2021 18:07:18 +0000. Up 9.62 seconds.
[    9.740872] cloud-init[1254]: Cloud-init v. 20.4.1-0ubuntu1~16.04.1 finished at Wed, 31 Mar 2021 18:07:18 +0000. Datasource DataSourceNoCloud [seed=/dev/sdb][dsmode=net].  Up 9.73 seconds
[[0;32m  OK  [0m] Started Execute cloud user/final scripts.
[[0;32m  OK  [0m] Reached target Cloud-init target.

Ubuntu 16.04.7 LTS ubuntu-xenial ttyS0

ubuntu-xenial login: 